// Jest Snapshot v1, https://goo.gl/fbAQLP

exports[`Wrapper Renders 1`] = `
<Styled(styled.div)
  variant="wrapper"
>
  <Avatar
    imageSrc="profile.png"
    username="@yourname"
  />
  <p>
    Hello
  </p>
</Styled(styled.div)>
`;
